// Jest Snapshot v1, https://goo.gl/fbAQLP

exports[`Artist Card test Should render and match snapshot when data loaded 1`] = `
Object {
  "asFragment": [Function],
  "baseElement": <body>
    <div>
      <div
        data-testid="artist-card"
      >
        <div
          class="css-1kngx9c"
        >
          <img
            class="chakra-image css-1dtlibk"
            loading="lazy"
            src="https://via.placeholder.com/300.png"
          />
          <a
            href="/artists/1z4g3DjTBBZKhvAroFlhOM"
            role="link"
          >
            <p
              class="chakra-text css-fp4dd8"
              transtion="color 0.33s"
            >
              Red Velvet
            </p>
          </a>
          <span
            class="css-14lud7x"
          >
            Artist
          </span>
        </div>
      </div>
    </div>
  </body>,
  "container": <div>
    <div
      data-testid="artist-card"
    >
      <div
        class="css-1kngx9c"
      >
        <img
          class="chakra-image css-1dtlibk"
          loading="lazy"
          src="https://via.placeholder.com/300.png"
        />
        <a
          href="/artists/1z4g3DjTBBZKhvAroFlhOM"
          role="link"
        >
          <p
            class="chakra-text css-fp4dd8"
            transtion="color 0.33s"
          >
            Red Velvet
          </p>
        </a>
        <span
          class="css-14lud7x"
        >
          Artist
        </span>
      </div>
    </div>
  </div>,
  "debug": [Function],
  "findAllByAltText": [Function],
  "findAllByDisplayValue": [Function],
  "findAllByLabelText": [Function],
  "findAllByPlaceholderText": [Function],
  "findAllByRole": [Function],
  "findAllByTestId": [Function],
  "findAllByText": [Function],
  "findAllByTitle": [Function],
  "findByAltText": [Function],
  "findByDisplayValue": [Function],
  "findByLabelText": [Function],
  "findByPlaceholderText": [Function],
  "findByRole": [Function],
  "findByTestId": [Function],
  "findByText": [Function],
  "findByTitle": [Function],
  "getAllByAltText": [Function],
  "getAllByDisplayValue": [Function],
  "getAllByLabelText": [Function],
  "getAllByPlaceholderText": [Function],
  "getAllByRole": [Function],
  "getAllByTestId": [Function],
  "getAllByText": [Function],
  "getAllByTitle": [Function],
  "getByAltText": [Function],
  "getByDisplayValue": [Function],
  "getByLabelText": [Function],
  "getByPlaceholderText": [Function],
  "getByRole": [Function],
  "getByTestId": [Function],
  "getByText": [Function],
  "getByTitle": [Function],
  "queryAllByAltText": [Function],
  "queryAllByDisplayValue": [Function],
  "queryAllByLabelText": [Function],
  "queryAllByPlaceholderText": [Function],
  "queryAllByRole": [Function],
  "queryAllByTestId": [Function],
  "queryAllByText": [Function],
  "queryAllByTitle": [Function],
  "queryByAltText": [Function],
  "queryByDisplayValue": [Function],
  "queryByLabelText": [Function],
  "queryByPlaceholderText": [Function],
  "queryByRole": [Function],
  "queryByTestId": [Function],
  "queryByText": [Function],
  "queryByTitle": [Function],
  "rerender": [Function],
  "unmount": [Function],
}
`;
